RAM Allocation [bytes]
Variable                                                                          Address   Size
------------------------------------------------------------------------------------------------
rx_buffer0                                                                        0x021F       8
tx_buffer0                                                                        0x0227       8
_seed (stdlib.lib)                                                                0x022F       4

EEPROM Allocation [bytes]
Variable                                                                          Address   Size
------------------------------------------------------------------------------------------------

Register Allocation
Variable                                                                          Register  Size
------------------------------------------------------------------------------------------------
rx_wr_index0                                                                      R3           1
rx_rd_index0                                                                      R2           1
rx_counter0                                                                       R5           1
rx_buffer_overflow0                                                               GPIOR0.0  1bit
tx_wr_index0                                                                      R4           1
tx_rd_index0                                                                      R7           1
tx_counter0                                                                       R6           1

FLASH Allocation [words]
Function                                                                          Address   Size
------------------------------------------------------------------------------------------------
LCD_send_command                                                                  0x000AC      4
LCD_send_data                                                                     0x000B0      4
LCD_init                                                                          0x000B4     15
LCD_print                                                                         0x000C3     17
LCD_clear                                                                         0x000D4      6
usart0_rx_isr                                                                     0x000DA     29
usart0_tx_isr                                                                     0x000F7     21
putchar                                                                           0x0010C     30
timer1_compa_isr                                                                  0x0012A      6
ADC_read                                                                          0x00130     16
random_generator                                                                  0x00140     74
inttochar                                                                         0x0018A      3
main                                                                              0x0018D     97
Init_initController                                                               0x001EE    104
put_usart_G100                                                                    0x00256     13
_print_G100                                                                       0x00263    296
printf                                                                            0x0038B     39
strlen                                                                            0x003B2     12
strlenf                                                                           0x003BE     13
srand                                                                             0x003CB      7
rand                                                                              0x003D2     21
realloc                                                                           0x003E7      3
malloc                                                                            0x003EA      2
free                                                                              0x003EC      8
